// Jest Snapshot v1, https://goo.gl/fbAQLP

exports[`Loader renders correcly 1`] = `
<div
  className="loader test-class"
/>
`;
